Paul Rojas July 23, 2021Homework Assignment “Git Fundamentals”The Knowledge House “Module 3 To Read and Understand the Basic of Git Fundamentals”a. What is Git and how is it different than Git HUB.Git is a version control system that allows software developers to manage and keep track of your source code history.  Developers' period, Git HUB, and Git Repo often use Git. Git Hub is a web-based version control system known for its collaboration platform that allows software developers to facilitate the source code in the web-based interface to the Git Repo. The main difference between Git and Git HUB is that Git enables the developer to snapshot their project over time. A strategy best used for individual usage in their local computer. Git Hub allows software developers can collaborate, network, and social coding. As a result, you have multiple users work on a project.  b. Why do we use the terminal?A terminal known as the command line uses the operating system to allow input/output. Using a terminal Developer can communicate with the computer.  When communicating with computers through its user interface an individual navigates through the terminal in a directory, copy files, and access the computer more efficiently.c. Explain three benefits version in your own words.Version control is a tool that allows the developer or user to manage changes in your codebase. Over a while, the work can comprehend much efficiently and location to code in one spot. Cart is the team responsible for testing code in an individual computer ready to be tested. The branching system maintains code simultaneously, while the default is known as master and the first branch created.Pauls-Air:TKH paulrojas$ ls TKH_Modules TKH_Prework Pauls-Air:TKH paulrojas$ cd TKH_Modules Pauls-Air:TKH_Modules paulrojas$ ls TKH_Modules Week 3 Git Foundamentals Week 6 Bash Foundamentals Week 1 Module networking Week 4 Docker Basic Week 2 Module Operating System Week 5 Python Prommaing Pauls-Air:TKH_Modules paulrojas$ git init hint: Using 'master' as the name for the initial branch. This default branch name hint: is subject to change. To configure the initial branch name to use in all hint: of your new repositories, which will suppress this warning, call: hint: hint: git config --global init.defaultBranch <name> hint: hint: Names commonly chosen instead of 'master' are 'main', 'trunk' and hint: 'development'. The just-created branch can be renamed via this command: hint: hint: git branch -m <name> Initialized empty Git repository in /Users/paulrojas/Documents/TKH/TKH_Modules/.git/ Pauls-Air:TKH_Modules paulrojas$ git add. git: 'add.' is not a git command. See 'git --help'. The most similar command is add Pauls-Air:TKH_Modules paulrojas$ git add Nothing specified, nothing added. hint: Maybe you wanted to say 'git add .'? hint: Turn this message off by running hint: "git config advice.addEmptyPathspec false" Pauls-Air:TKH_Modules paulrojas$ git add . warning: adding embedded git repository: TKH_Modules hint: You've added another git repository inside your current repository. hint: Clones of the outer repository will not contain the contents of hint: the embedded repository and will not know how to obtain it. hint: If you meant to add a submodule, use: hint: hint: git submodule add <url> TKH_Modules hint: hint: If you added this path by mistake, you can remove it from the hint: index with: hint: hint: git rm --cached TKH_Modules hint: hint: See "git help submodule" for more information. Pauls-Air:TKH_Modules paulrojas$ git commit -m "modules" [master (root-commit) ae4d5e9] modules 14 files changed, 95067 insertions(+) create mode 100644 .DS_Store create mode 160000 TKH_Modules create mode 100644 Week 1 Module networking /.DS_Store create mode 100644 Week 1 Module networking /Paul Rojas Math diagonistics Assessment.txt create mode 100644 Week 1 Module networking /Paul Rojas Module one assignment.txt create mode 100644 Week 1 Module networking /Vesitbule.pptx.pdf create mode 100644 Week 1 Module networking /Vestibule Cyber Security 2021_Module 1.pdf create mode 100644 Week 2 Module Operating System/.DS_Store create mode 100644 Week 2 Module Operating System/Paul Rojas Module two Assignment.txt create mode 100644 Week 2 Module Operating System/Vestibule Cyber Security 2021_Module 2.pdf create mode 100644 Week 3 Git Foundamentals/Vestibule Cyber Security 2021_Module 3.pdf create mode 100644 Week 4 Docker Basic/Vestibule Cyber Security 2021_Module 3.pdf create mode 100644 Week 5 Python Prommaing /Vestibule Cyber Security 2021_Module 5.pdf create mode 100644 Week 6 Bash Foundamentals/Vestibule Cyber Security 2021_Module 6.pdf Pauls-Air:TKH_Modules paulrojas$ git remote and add origin <https://github.com/Paul8r/TKH_Modules.git> bash: syntax error near unexpected token `newline' Pauls-Air:TKH_Modules paulrojas$ git remote and add origin <https://github.com/Paul8r/TKH_Module.git> bash: syntax error near unexpected token `newline' Pauls-Air:TKH_Modules paulrojas$ git remote and add origin <github.com/Paul8r/TKH_Module.git> bash: syntax error near unexpected token `newline' Pauls-Air:TKH_Modules paulrojas$ git commit -m "TKH_Modules"On branch master nothing to commit, working tree clean Pauls-Air:TKH_Modules paulrojas$ git remote and add origin <https://github.com/Paul8r/TKH_Modules.git> bash: syntax error near unexpected token `newline' Pauls-Air:TKH_Modules paulrojas$ git remote and add origin <https://www.github.com/Paul8r/TKH_Modules.git> bash: syntax error near unexpected token `newline' Pauls-Air:TKH_Modules paulrojas$ git remote -v Pauls-Air:TKH_Modules paulrojas$ git push origin master fatal: 'origin' does not appear to be a git repository fatal: Could not read from remote repository. Please make sure you have the correct access rights and the repository exists. Pauls-Air:TKH_Modules paulrojas$ git remote and add origin <https://github.com/Paul8r/TKH_Modules.git> bash: syntax error near unexpected token `newline' Pauls-Air:TKH_Modules paulrojas$ git remote and add origin <https://github.com/Paul8r/TKH_Modules.git bash: https://github.com/Paul8r/TKH_Modules.git: No such file or directory Pauls-Air:TKH_Modules paulrojas$ git remote and add origin https://github.com/Paul8r/TKH_Modules.git error: Unknown subcommand: and usage: git remote [-v | --verbose] or: git remote add [-t <branch>] [-m <master>] [-f] [--tags | --no-tags] [--mirror=<fetch|push>] <name> <url> or: git remote rename <old> <new> or: git remote remove <name> or: git remote set-head <name> (-a | --auto | -d | --delete | <branch>) or: git remote [-v | --verbose] show [-n] <name> or: git remote prune [-n | --dry-run] <name> or: git remote [-v | --verbose] update [-p | --prune] [(<group> | <remote>)...] or: git remote set-branches [--add] <name> <branch>... or: git remote get-url [--push] [--all] <name> or: git remote set-url [--push] <name> <newurl> [<oldurl>] or: git remote set-url --add <name> <newurl> or: git remote set-url --delete <name> <url> -v, --verbose be verbose; must be placed before a subcommand Pauls-Air:TKH_Modules paulrojas$ git remote and add origin https://github.com/Paul8r/TKH_Modules.git error: Unknown subcommand: and usage: git remote [-v | --verbose] or: git remote add [-t <branch>] [-m <master>] [-f] [--tags | --no-tags] [--mirror=<fetch|push>] <name> <url> or: git remote rename <old> <new> or: git remote remove <name> or: git remote set-head <name> (-a | --auto | -d | --delete | <branch>) or: git remote [-v | --verbose] show [-n] <name> or: git remote prune [-n | --dry-run] <name> or: git remote [-v | --verbose] update [-p | --prune] [(<group> | <remote>)...] or: git remote set-branches [--add] <name> <branch>... or: git remote get-url [--push] [--all] <name> or: git remote set-url [--push] <name> <newurl> [<oldurl>] or: git remote set-url --add <name> <newurl> or: git remote set-url --delete <name> <url> -v, --verbose be verbose; must be placed before a subcommand Pauls-Air:TKH_Modules paulrojas$ git remote set -url origin https://github.com/Paul8r/TKH_Modules.git error: Unknown subcommand: set usage: git remote [-v | --verbose] or: git remote add [-t <branch>] [-m <master>] [-f] [--tags | --no-tags] [--mirror=<fetch|push>] <name> <url> or: git remote rename <old> <new> or: git remote remove <name> or: git remote set-head <name> (-a | --auto | -d | --delete | <branch>) or: git remote [-v | --verbose] show [-n] <name> or: git remote prune [-n | --dry-run] <name> or: git remote [-v | --verbose] update [-p | --prune] [(<group> | <remote>)...] or: git remote set-branches [--add] <name> <branch>... or: git remote get-url [--push] [--all] <name> or: git remote set-url [--push] <name> <newurl> [<oldurl>] or: git remote set-url --add <name> <newurl> or: git remote set-url --delete <name> <url> -v, --verbose be verbose; must be placed before a subcommand Pauls-Air:TKH_Modules paulrojas$ mkdir TKH_Modules mkdir: TKH_Modules: File exists Pauls-Air:TKH_Modules paulrojas$ echo Pauls-Air:TKH_Modules paulrojas$ a. What is git and how is it different than Github. > Week 3 Git Foundamentals.txt bash: a.: command not found Pauls-Air:TKH_Modules paulrojas$ a. What is git and how is it different than Github. > module3.txtxt bash: a.: command not found Pauls-Air:TKH_Modules paulrojas$ a. What is git and how is it different than Github. > module3.txt bash: a.: command not found Pauls-Air:TKH_Modules paulrojas$ git add . Pauls-Air:TKH_Modules paulrojas$ git status On branch master Changes to be committed: (use "git restore --staged <file>..." to unstage) new file: Week new file: module3.txt new file: module3.txtxt Pauls-Air:TKH_Modules paulrojas$ git push origin masterfatal: 'origin' does not appear to be a git repository fatal: Could not read from remote repository. Please make sure you have the correct access rights and the repository exists. Pauls-Air:TKH_Modules paulrojas$ git push origin master fatal: 'origin' does not appear to be a git repository fatal: Could not read from remote repository. Please make sure you have the correct access rights and the repository exists. Pauls-Air:TKH_Modules paulrojas$ git push origin master fatal: 'origin' does not appear to be a git repository fatal: Could not read from remote repository. Please make sure you have the correct access rights and the repository exists. Pauls-Air:TKH_Modules paulrojas$ Pauls-Air:TKH_Modules paulrojas$ git remove -v git: 'remove' is not a git command. See 'git --help'. The most similar command is remote Pauls-Air:TKH_Modules paulrojas$ remote bash: remote: command not found Pauls-Air:TKH_Modules paulrojas$ git remote Pauls-Air:TKH_Modules paulrojas$ git push origin master fatal: 'origin' does not appear to be a git repository fatal: Could not read from remote repository. Please make sure you have the correct access rights and the repository exists. Pauls-Air:TKH_Modules paulrojas$ git remote and add origin <https://github.com/Paul8r/TKH_Modules.git> bash: syntax error near unexpected token `newline' Pauls-Air:TKH_Modules paulrojas$ git remote set -url origin https://github.com/Paul8r/TKH_Modules.git error: Unknown subcommand: set usage: git remote [-v | --verbose] or: git remote add [-t <branch>] [-m <master>] [-f] [--tags | --no-tags] [--mirror=<fetch|push>] <name> <url> or: git remote rename <old> <new> or: git remote remove <name> or: git remote set-head <name> (-a | --auto | -d | --delete | <branch>) or: git remote [-v | --verbose] show [-n] <name> or: git remote prune [-n | --dry-run] <name> or: git remote [-v | --verbose] update [-p | --prune] [(<group> | <remote>)...] or: git remote set-branches [--add] <name> <branch>... or: git remote get-url [--push] [--all] <name> or: git remote set-url [--push] <name> <newurl> [<oldurl>] or: git remote set-url --add <name> <newurl> or: git remote set-url --delete <name> <url> -v, --verbose be verbose; must be placed before a subcommand Pauls-Air:TKH_Modules paulrojas$ git status On branch master Changes to be committed: (use "git restore --staged <file>..." to unstage) new file: Week new file: module3.txt new file: module3.txtxt Pauls-Air:TKH_Modules paulrojas$ Pauls-Air:TKH_Modules paulrojas$ echo Pauls-Air:TKH_Modules paulrojas$ git add Nothing specified, nothing added. hint: Maybe you wanted to say 'git add .'? hint: Turn this message off by running hint: "git config advice.addEmptyPathspec false" Pauls-Air:TKH_Modules paulrojas$ git add module3.txt Pauls-Air:TKH_Modules paulrojas$ git push --set -upstream origin module3 error: unknown switch `p' usage: git push [<options>] [<repository> [<refspec>...]] -v, --verbose be more verbose -q, --quiet be more quiet --repo <repository> repository --all push all refs --mirror mirror all refs -d, --delete delete refs --tags push tags (can't be used with --all or --mirror) -n, --dry-run dry run --porcelain machine-readable output -f, --force force updates --force-with-lease[=<refname>:<expect>] require old value of ref to be at this value --force-if-includes require remote updates to be integrated locally --recurse-submodules (check|on-demand|no) control recursive pushing of submodules --thin use thin pack --receive-pack <receive-pack> receive pack program --exec <receive-pack> receive pack program -u, --set-upstream set upstream for git pull/status --progress force progress reporting --prune prune locally removed refs --no-verify bypass pre-push hook --follow-tags push missing but relevant tags --signed[=(yes|no|if-asked)] GPG sign the push --atomic request atomic transaction on remote side -o, --push-option <server-specific> option to transmit -4, --ipv4 use IPv4 addresses only -6, --ipv6 use IPv6 addresses only Pauls-Air:TKH_Modules paulrojas$ git status On branch master Changes to be committed: (use "git restore --staged <file>..." to unstage) new file: Week new file: module3.txt new file: module3.txtxt Untracked files: (use "git add <file>..." to include in what will be committed) Week 3 Git Foundamentals/module3.txt Week 3 Git Foundamentals/~$odule3.txt Pauls-Air:TKH_Modules paulrojas$ git add Week 3 Git Foundamentals/module3.txt fatal: pathspec '3' did not match any files Pauls-Air:TKH_Modules paulrojas$ git add Week 3 Git Foundamentals/module3.txtWeek 3 Git Foundamentals/module3.txt fatal: pathspec '3' did not match any files Pauls-Air:TKH_Modules paulrojas$ git add Week 3 Week 3 Git Foundamentals/module3.txfatal: pathspec '3' did not match any files Pauls-Air:TKH_Modules paulrojas$ git checkout -b Module1 Switched to a new branch 'Module1' Pauls-Air:TKH_Modules paulrojas$ git branch * Module1 master Pauls-Air:TKH_Modules paulrojas$ git add . Pauls-Air:TKH_Modules paulrojas$ commit -m "pushing to module 1 branch" bash: commit: command not found Pauls-Air:TKH_Modules paulrojas$ commit -m "module1" bash: commit: command not found Pauls-Air:TKH_Modules paulrojas$ git init Reinitialized existing Git repository in /Users/paulrojas/Documents/TKH/TKH_Modules/.git/ Pauls-Air:TKH_Modules paulrojas$ git add . Pauls-Air:TKH_Modules paulrojas$ git commit -m "module1" [Module1 8f57fcd] module1 5 files changed, 1 insertion(+) create mode 100644 Week create mode 100644 Week 3 Git Foundamentals/module3.txt create mode 100644 Week 3 Git Foundamentals/~$odule3.txt create mode 100644 module3.txt create mode 100644 module3.txtxt Pauls-Air:TKH_Modules paulrojas$ git remote add origin <https://github.com/Paul8r/TKH_Modules.git> bash: syntax error near unexpected token `newline' Pauls-Air:TKH_Modules paulrojas$ git remote add origin <https://github.com/Paul8r/TKH_Modules.gitbash: https://github.com/Paul8r/TKH_Modules.git: No such file or directory Pauls-Air:TKH_Modules paulrojas$ git remote add origin <gh repo clone Paul8r/TKH_Modules>bash: syntax error near unexpected token `newline' Pauls-Air:TKH_Modules paulrojas$ git remote add origin "https://github.com/Paul8r/TKH_Modules.git" Pauls-Air:TKH_Modules paulrojas$ git remote -v origin https://github.com/Paul8r/TKH_Modules.git (fetch) origin https://github.com/Paul8r/TKH_Modules.git (push) Pauls-Air:TKH_Modules paulrojas$ git push origin master Enumerating objects: 19, done. Counting objects: 100% (19/19), done. Delta compression using up to 4 threads Compressing objects: 100% (19/19), done. Writing objects: 100% (19/19), 23.63 MiB | 4.41 MiB/s, done. Total 19 (delta 5), reused 0 (delta 0), pack-reused 0 remote: Resolving deltas: 100% (5/5), done. remote: remote: Create a pull request for 'master' on GitHub by visiting: remote: https://github.com/Paul8r/TKH_Modules/pull/new/master remote: To https://github.com/Paul8r/TKH_Modules.git * [new branch] master -> master Pauls-Air:TKH_Modules paulrojas$ git init Reinitialized existing Git repository in /Users/paulrojas/Documents/TKH/TKH_Modules/.git/ Pauls-Air:TKH_Modules paulrojas$ git add . Pauls-Air:TKH_Modules paulrojas$ git commit -m "module2" On branch Module1 nothing to commit, working tree clean Pauls-Air:TKH_Modules paulrojas$ git remote add origin "https://github.com/Paul8r/TKH_Modules/upload/main" error: remote origin already exists. Pauls-Air:TKH_Modules paulrojas$ git push origin master Everything up-to-date Pauls-Air:TKH_Modules paulrojas$ git init Reinitialized existing Git repository in /Users/paulrojas/Documents/TKH/TKH_Modules/.git/ Pauls-Air:TKH_Modules paulrojas$ git add . Pauls-Air:TKH_Modules paulrojas$ git commit -m "module3" On branch Module1 nothing to commit, working tree clean Pauls-Air:TKH_Modules paulrojas$ git remote add origin "https://github.com/Paul8r/TKH_Modules/upload/main" error: remote origin already exists. Pauls-Air:TKH_Modules paulrojas$ git remote -v origin https://github.com/Paul8r/TKH_Modules.git (fetch) origin https://github.com/Paul8r/TKH_Modules.git (push) Pauls-Air:TKH_Modules paulrojas$ git push origin master Everything up-to-date Pauls-Air:TKH_Modules paulrojas$ git checkout -b module1 fatal: A branch named 'module1' already exists. Pauls-Air:TKH_Modules paulrojas$ git branch * Module1 master Pauls-Air:TKH_Modules paulrojas$ git add . Pauls-Air:TKH_Modules paulrojas$ git checkout -b module2 Switched to a new branch 'module2' Pauls-Air:TKH_Modules paulrojas$ git branch Module1 master * module2 Pauls-Air:TKH_Modules paulrojas$ git add Nothing specified, nothing added. hint: Maybe you wanted to say 'git add .'? hint: Turn this message off by running hint: "git config advice.addEmptyPathspec false" Pauls-Air:TKH_Modules paulrojas$ commit -m "pushing to module 2 branch" bash: commit: command not found Pauls-Air:TKH_Modules paulrojas$ commit -m "module2" bash: commit: command not found Pauls-Air:TKH_Modules paulrojas$ git add . Pauls-Air:TKH_Modules paulrojas$ git commit -m "module2" On branch module2 nothing to commit, working tree clean Pauls-Air:TKH_Modules paulrojas$ git push origin module2 Enumerating objects: 8, done. Counting objects: 100% (8/8), done. Delta compression using up to 4 threads Compressing objects: 100% (5/5), done. Writing objects: 100% (6/6), 1.34 KiB | 688.00 KiB/s, done. Total 6 (delta 1), reused 0 (delta 0), pack-reused 0 remote: Resolving deltas: 100% (1/1), completed with 1 local object. remote: remote: Create a pull request for 'module2' on GitHub by visiting: remote: https://github.com/Paul8r/TKH_Modules/pull/new/module2 remote: To https://github.com/Paul8r/TKH_Modules.git * [new branch] module2 -> module2 Pauls-Air:TKH_Modules paulrojas$ git checkout Master Switched to branch 'Master' Pauls-Air:TKH_Modules paulrojas$ merge module2 bash: merge: command not found Pauls-Air:TKH_Modules paulrojas$ git merge module2 Updating ae4d5e9..8f57fcd Fast-forward Week | 0 Week 3 Git Foundamentals/module3.txt | 1 + Week 3 Git Foundamentals/~$odule3.txt | Bin 0 -> 162 bytes module3.txt | 0 module3.txtxt | 0 5 files changed, 1 insertion(+) create mode 100644 Week create mode 100644 Week 3 Git Foundamentals/module3.txt create mode 100644 Week 3 Git Foundamentals/~$odule3.txt create mode 100644 module3.txt create mode 100644 module3.txtxt Pauls-Air:TKH_Modules paulrojas$ git checkout -b module3 Switched to a new branch 'module3' Pauls-Air:TKH_Modules paulrojas$ git branch Module1 master module2 * module3 Pauls-Air:TKH_Modules paulrojas$ git add . Pauls-Air:TKH_Modules paulrojas$ commit -m "module3" bash: commit: command not found Pauls-Air:TKH_Modules paulrojas$ commit -m "module3" bash: commit: command not found Pauls-Air:TKH_Modules paulrojas$ git push origin module3 Total 0 (delta 0), reused 0 (delta 0), pack-reused 0 remote: remote: Create a pull request for 'module3' on GitHub by visiting: remote: https://github.com/Paul8r/TKH_Modules/pull/new/module3 remote: To https://github.com/Paul8r/TKH_Modules.git * [new branch] module3 -> module3 Pauls-Air:TKH_Modules paulrojas$ git checkout master Switched to branch 'master' Pauls-Air:TKH_Modules paulrojas$ git merge module3 Already up to date. Pauls-Air:TKH_Modules paulrojas$ git remote add origin "https://github.com/Paul8r/TKH_Modules.git" error: remote origin already exists. Pauls-Air:TKH_Modules paulrojas$ git remote -v origin https://github.com/Paul8r/TKH_Modules.git (fetch) origin https://github.com/Paul8r/TKH_Modules.git (push) Pauls-Air:TKH_Modules paulrojas$ git push origin master Total 0 (delta 0), reused 0 (delta 0), pack-reused 0 To https://github.com/Paul8r/TKH_Modules.git ae4d5e9..8f57fcd master -> master Pauls-Air:TKH_Modules paulrojas$ my GitHub link is https://github.com/Paul8r/TKH_Modules.git